// Jest Snapshot v1, https://goo.gl/fbAQLP

exports[`button 是个Div 1`] = `
<div>
  按钮
</div>
`;
